// Jest Snapshot v1, https://goo.gl/fbAQLP

exports[`CoinListSideBarModal should render correctly 1`] = `
<div>
  <div
    class="block"
  >
    <div
      class="relative z-10"
    >
      <div
        class="fixed inset-0 bg-gray-500 bg-opacity-75 transition-opacity"
      />
    </div>
    <div
      class="fixed inset-0 z-20 overflow-y-auto"
    >
      <div
        class="flex min-h-full justify-center items-center"
      >
        <div
          class="bg-white  flex flex-col justify-between w-[50%] rounded-lg"
        >
          <div
            class="flex items-center space-x-2 font-semibold border-b p-5"
          >
            <span
              class="text-2xl font-semibold"
            >
              Test
            </span>
          </div>
          <div
            class="p-10"
          />
          <div
            class="flex border-t p-2 space-x-2 justify-end"
          >
            <button
              class="border p-2 w-fit rounded-lg bg-blue-400 text-white  hover:-translate-y-2 duration-300"
            >
              Confirm
            </button>
            <button
              class="border p-2 w-fit rounded-lg bg-slate-400 text-white  hover:-translate-y-2 duration-300"
            >
              Cancel
            </button>
          </div>
        </div>
      </div>
    </div>
  </div>
</div>
`;
